https://www.rfi.fr/ff/taskaramji/dinngiral-rew%C9%93e/20210202-rew%C9%93e-gollanoo%C9%93e-hoore-mum
https://www.rfi.fr/ff/taskaramji/on-tottaama-konngol/20220318-e-nder-yewtere-udditiinde-hannde-he%C9%97iyankoo%C9%93e-hollii-miijo-ma%C9%93%C9%93e-ko-faati-e-kabaaruuji-yontere
https://www.rfi.fr/ff/taskaramji/on-tottaama-konngol/20220315-burkina-faso-e-nder-%C9%97ee-bal%C9%97e-fiyan%C9%97e-wa%C9%97ii-to-rewo-leydi-%C9%97e-wonii-sabu-maayeele-buy
https://www.rfi.fr/ff/taskaramji/ko-mbiidon/20200828-yuppi-yontere-nde-fatimata-kann-maw%C9%97o-gollor%C9%97e-rim-arts-d%C3%A9co-recyclage
https://www.rfi.fr/ff/taskaramji/ko%C9%97o-men-hannde/20220927-alhaali-cukkagol-rew%C9%93e-e-golle-ma%C9%93%C9%93e-bone-jaalii%C9%97o-mo-%C9%97uu%C9%97aaka-e-fe%C3%B1%C3%B1ineede
https://www.rfi.fr/ff/taskaramji/ko%C9%97o-men-hannde/20220913-aadama-kone-no-jaayndeyankeejo-taskotoo%C9%97o-kabaaruuji-no-arta-e-njillu-kolonel-p-h-damiba-niijeer-mali-e-koddiwaar
https://www.rfi.fr/ff/taskaramji/ko%C9%97o-men-hannde/20210518-alhaali-kisal-e-dee%C6%B4ere-e-nder-najeriya
https://www.rfi.fr/ff/taskaramji/ko%C9%97o-men-hannde/20211202-ko-isma-iila-sow-teral-fedde-ardii%C9%93e-suudu-toppitiindu-ngaynaaka-senegaal
https://www.rfi.fr/ff/taskaramji/ko%C9%97o-men-hannde/20211125-ko%C9%97o-men-on-ko-faatumata-jallo-ardii%C9%97o-walde-daraniinde-hakkeeji-rew%C9%93e-benen
https://www.rfi.fr/ff/taskaramji/ko%C9%97o-men-hannde/20211123-ko%C9%97o-men-hannde-ko-huray-bah-ardii%C9%97o-amali-gine
https://www.rfi.fr/ff/taskaramji/kiwal-taariindi/20221110-kop27-ko-honno-ndii-noonanteeri-tagaa%C9%97i-haanaa-hiwireede-e-reenireede
https://www.rfi.fr/ff/taskaramji/kiwal-taariindi/20220921-wi%C9%97to-ndiyam-to%C9%97o-%C9%97am-mo%C6%B4%C6%B4aa-yarugol-e-nder-aduna-on-fow
https://www.rfi.fr/ff/taskaramji/kiwal-taariindi/20220817-battane-welo-puccuuri-e-dow-taariindi-walla-e-dow-cellal-ne%C9%97%C9%97o-kaa-taskaram-ko-fillitaaka
https://www.rfi.fr/ff/taskaramji/ko%C9%97o-men-hannde/20230122-ko-mbii%C9%97on-no-ja%C9%93%C9%93ii-gu%C9%93al-raper%C9%93e-ginenaa%C9%93e-team-ragga-ragga-joo%C9%97ii%C9%93e-faransi
https://www.rfi.fr/ff/taskaramji/on-tottaama-konngol/20210405-miijooji-mon-e-e%C9%93%C9%93oore-george-weah-hooreejo-labiriya-e-uytugol-happu-laamu-ngun
https://www.rfi.fr/ff/taskaramji/faggudu-e-%C9%93amtaare-afrik/20211007-balle-%C9%97e-yaltiyankoo%C9%93e-%C9%97aniyanoo%C9%93e-afriyankoo%C9%93e-waawi-wa%C9%97ande-ley%C9%97e-ma%C9%93%C9%93e
https://www.rfi.fr/ff/taskaramji/on-tottaama-konngol/20210414-nafa-%C9%97ee-dente-jo%C9%97%C9%97onaa%C9%97e-ngam-wallugol-no-jam-nun%C9%97al-e-kawral-laatora-hakkunde-%C9%93i%C9%93%C9%93e-leydi
https://www.rfi.fr/ff/taskaramji/on-tottaama-konngol/20210412-beydagol-coggeeli-ka-luumooji-afrik
https://www.rfi.fr/ff/podcasts/20200314-holko-sar%C9%97i-ley%C9%97e-men-kaali-wor%C9%93e-yanoo%C9%93e-rew%C9%93e-%C9%93ee
https://www.rfi.fr/ff/podcasts/20200223-alors-on-dit-quoi-0
https://www.rfi.fr/ff/podcasts/20200209-gollirde-daraniinde-mo%C6%B4%C6%B4inde-cenorde-mali
https://www.rfi.fr/ff/taskaramji/ko-mbii%C9%97on/20221009-ko-chadia-woni-ko%C9%97o-nju%C9%93%C9%93udi-yontere-e-dow-taskaram-ko-mbii%C9%97on
https://www.rfi.fr/ff/taskaramji/on-tottaama-konngol/20210106-alhaali-alyatiima-e-nder-hirnaage-afrik
https://www.rfi.fr/ff/taskaramji/ko%C9%97o-maw%C9%97o/20210809-ko%C9%97o-maw%C9%97o-rfi-fulfulde-ko-mansuur-haruuna-joop-kebloowo-wittiyanke
https://www.rfi.fr/ff/taskaramji/ko%C9%97o-maw%C9%97o/20210704-ko%C9%97o-maw%C9%97o-aabidiina-buubakar-bari-burkinaajo-sari-ayankeejo-winndoowo-e-gim%C9%97oowo
https://www.rfi.fr/ff/taskaramji/ko%C9%97o-maw%C9%97o/20210701-me-aminata-jawaadu-bari-woni-ko%C9%97o-maw%C9%97o-rfi-fulfulde
https://www.rfi.fr/ff/taskaramji/on-tottaama-konngol/20230518-ko-holno-njiiru%C9%97on-oo-alhaali-%C3%B1aawugol-oo-hooreejo-ki%C9%97%C9%97o-faransi-nikolas-sarkozi
https://www.rfi.fr/ff/taskaramji/ko-mbii%C9%97on/20210905-%C3%B1allal-adunayankowal-ko-faati-mehugol-umammbinaaku
https://www.rfi.fr/ff/taskaramji/ko-mbii%C9%97on/20210817-ho%C9%93%C9%93e-men-e-nde-yeewtere-ko-rendiyanke-abdullay-jallo-to-burkina-faso-e-muhamed-falil-sii-moritaninaajo-hiisoyanke-jannginowo-to-iniwersite-gon%C9%97o-londres
https://www.rfi.fr/ff/taskaramji/ko-mbii%C9%97on/20210809-ko-mbii-%C9%97on-no-ja%C9%93%C9%93o-alet-hannde-lom-abdoulaye-bocar
https://www.rfi.fr/ff/taskaramji/on-tottaama-konngol/20211006-ko-woni-miijo-mon-e-%C9%97ee-hooree%C9%93e-afrik-suu%C9%97oo%C9%93e-jawle-mum-yaasi-leydi
https://www.rfi.fr/ff/taskaramji/on-tottaama-konngol/20220930-ko-holno-rew%C9%93e-%C9%93en-wuuriri-e-oo-alhaali-%C9%93eydagol-cokkeeli-e-nder-ndee-jeere
https://www.rfi.fr/ff/taskaramji/on-tottaama-konngol/20220919-tawu-si-sharl-iii-waawan-tabintinnde-ngootaangu-ndii-laamateeri-beretaaniya-mawndi-caggal-maayde-neene-makko